// Jest Snapshot v1, https://goo.gl/fbAQLP

exports[`creates a snapshot 1`] = `
<div>
  <div
    className="card"
    style={
      Object {
        "width": "18rem",
      }
    }
  >
    <img
      className="card-img-top"
      src="mike.jpg"
    />
    <div
      className="card-body"
    >
      <div
        className="card-title h5"
      >
        Brian M
      </div>
      <p
        className="card-text"
      >
        https://github.com/B-Mong
      </p>
    </div>
  </div>
</div>
`;
